Microchip MPLAB XC8 Compiler V2.45

Linker command line:

-W-3 \
  --edf=C:\Program Files\Microchip\xc8\v2.45\pic\dat\20230818022343_en.msgs \
  -cn -h+dist/default/debug\Senior_Design_MotionPROTO.X.debug.sym \
  --cmf=dist/default/debug\Senior_Design_MotionPROTO.X.debug.cmf -z \
  -Q18LF25K40 -oC:\Users\hshod\AppData\Local\Temp\xcAs5ig.\driver_tmp_3.o \
  --defsym=__MPLAB_BUILD=1 --fixupoverflow=error \
  -Mdist/default/debug/Senior_Design_MotionPROTO.X.debug.map \
  --md=C:\Users\hshod\AppData\Local\Temp\xcAs5ig.\driver_tmp_0.dat -E1 \
  -ver=XC8 Compiler --acfsm=1493 -ACODE=00h-07FFFh -ACONST=00h-07FFFh \
  -ASMALLCONST=0800h-08FFhx120 -AMEDIUMCONST=0800h-07FFFh -ACOMRAM=01h-05Fh \
  -AABS1=00h-07FFh -ABIGRAM=01h-07FFh -ARAM=060h-0FFh,0100h-01FFhx7 \
  -ABANK0=060h-0FFh -ABANK1=0100h-01FFh -ABANK2=0200h-02FFh \
  -ABANK3=0300h-03FFh -ABANK4=0400h-04FFh -ABANK5=0500h-05FFh \
  -ABANK6=0600h-06FFh -ABANK7=0700h-07FFh -ASFR=0EA0h-0EFFhx2,0F60h-0FFFh \
  -ABIGSFR=0EA0h-0FFFh -ACONFIG=0300000h-030000Bh -AIDLOC=0200000h-020000Fh \
  -AEEDATA=0310000h-03100FFh -peeprom_data=EEDATA \
  -preset_vec=00h,intcode=08h,intcodelo,powerup,init -pramtop=0800h \
  -psmallconst=SMALLCONST -pmediumconst=MEDIUMCONST -pconst=CONST \
  -AFARRAM=00h-00h \
  -prdata=COMRAM,nvrram=COMRAM,nvbit=COMRAM,rbss=COMRAM,rbit=COMRAM \
  -pfarbss=FARRAM,fardata=FARRAM,nvFARRAM=FARRAM \
  -pintsave_regs=BIGRAM,bigbss=BIGRAM,bigdata=BIGRAM -pbss=RAM \
  -pidata=CODE,irdata=CODE,ibigdata=CODE,ifardata=CODE -prparam=COMRAM \
  C:\Users\hshod\AppData\Local\Temp\xcAs5ig.\driver_tmp_9.o \
  dist/default/debug\Senior_Design_MotionPROTO.X.debug.o 

Object code version is 3.11

Machine type is 18LF25K40



                Name                               Link     Load   Length Selector   Space Scale
C:\Users\hshod\AppData\Local\Temp\xcAs5ig.\driver_tmp_9.o
                config                           300000   300000        C        0       4
                init                                 FA       FA        4        4       0
                reset_vec                             0        0        6        0       0
dist/default/debug\Senior_Design_MotionPROTO.X.debug.o
                intcode                               8        8       F2        4       0
                config                           300000   300000        C        0       4
                temp                                 38       38        1        1       1
                smallconst                          800      800        2      400       0
                text35                              B32      B32       26      401       0
                text34                              C6E      C6E        6      401       0
                text33                              C86      C86        2      401       0
                text32                              C68      C68        6      401       0
                text31                              802      802       AA      401       0
                text30                              A10      A10       3E      401       0
                text29                              C80      C80        4      401       0
                text28                              B0A      B0A       28      401       0
                text27                              A80      A80       32      401       0
                text26                              C84      C84        2      401       0
                text25                              A4E      A4E       32      401       0
                text24                              AE0      AE0       2A      401       0
                text23                              C7C      C7C        4      401       0
                text22                              C02      C02        C      401       0
                text21                              AB2      AB2       2E      401       0
                text20                              C5E      C5E        A      401       0
                text18                              BF4      BF4        E      401       0
                text17                              C78      C78        4      401       0
                text16                              BE4      BE4       10      401       0
                text15                              C54      C54        A      401       0
                text14                              C4A      C4A        A      401       0
                text13                              C40      C40        A      401       0
                text12                              C36      C36        A      401       0
                text11                              C2C      C2C        A      401       0
                text10                              92C      92C       7A      401       0
                text9                               C74      C74        4      401       0
                text8                               BCC      BCC       18      401       0
                text7                               C22      C22        A      401       0
                text6                               C18      C18        A      401       0
                text5                               8AC      8AC       80      401       0
                text4                               B7C      B7C       1C      401       0
                text3                               C0E      C0E        A      401       0
                text2                               B58      B58       24      401       0
                text1                               BB2      BB2       1A      401       0
                text0                               9A6      9A6       6A      401       0
                cstackCOMRAM                         32       32        6        1       1
                bssCOMRAM                             1        1       21        1       1
                cinit                               B98      B98       1A      401       0
                nvCOMRAM                             22       22       10        1       1

TOTAL           Name                               Link     Load   Length     Space
        CLASS   CODE           
                intcode                               8        8       F2         0
                init                                 FA       FA        4         0
                reset_vec                             0        0        6         0
                text35                              B32      B32       26         0
                text34                              C6E      C6E        6         0
                text33                              C86      C86        2         0
                text32                              C68      C68        6         0
                text31                              802      802       AA         0
                text30                              A10      A10       3E         0
                text29                              C80      C80        4         0
                text28                              B0A      B0A       28         0
                text27                              A80      A80       32         0
                text26                              C84      C84        2         0
                text25                              A4E      A4E       32         0
                text24                              AE0      AE0       2A         0
                text23                              C7C      C7C        4         0
                text22                              C02      C02        C         0
                text21                              AB2      AB2       2E         0
                text20                              C5E      C5E        A         0
                text18                              BF4      BF4        E         0
                text17                              C78      C78        4         0
                text16                              BE4      BE4       10         0
                text15                              C54      C54        A         0
                text14                              C4A      C4A        A         0
                text13                              C40      C40        A         0
                text12                              C36      C36        A         0
                text11                              C2C      C2C        A         0
                text10                              92C      92C       7A         0
                text9                               C74      C74        4         0
                text8                               BCC      BCC       18         0
                text7                               C22      C22        A         0
                text6                               C18      C18        A         0
                text5                               8AC      8AC       80         0
                text4                               B7C      B7C       1C         0
                text3                               C0E      C0E        A         0
                text2                               B58      B58       24         0
                text1                               BB2      BB2       1A         0
                text0                               9A6      9A6       6A         0
                cinit                               B98      B98       1A         0

        CLASS   CONST          

        CLASS   SMALLCONST     
                smallconst                          800      800        2         0

        CLASS   MEDIUMCONST    

        CLASS   COMRAM         
                temp                                 38       38        1         1
                cstackCOMRAM                         32       32        6         1
                bssCOMRAM                             1        1       21         1
                nvCOMRAM                             22       22       10         1

        CLASS   ABS1           

        CLASS   BIGRAM         

        CLASS   RAM            

        CLASS   BANK0          

        CLASS   BANK1          

        CLASS   BANK2          

        CLASS   BANK3          

        CLASS   BANK4          

        CLASS   BANK5          

        CLASS   BANK6          

        CLASS   BANK7          

        CLASS   SFR            

        CLASS   BIGSFR         

        CLASS   CONFIG         
                config                           300000   300000        C         4

        CLASS   IDLOC          

        CLASS   EEDATA         

        CLASS   FARRAM         

        CLASS   HEAP           

        CLASS   STACK          



SEGMENTS        Name                           Load    Length   Top    Selector   Space  Class

                reset_vec                      000000  000006  000006         0       0  CODE    
                bssCOMRAM                      000001  000038  000039         1       1  COMRAM  
                intcode                        000008  0000F6  0000FE         4       0  CODE    
                smallconst                     000800  000002  000802       400       0  SMALLCON
                text31                         000802  000486  000C88       401       0  CODE    


UNUSED ADDRESS RANGES

        Name                Unused          Largest block    Delta
        BANK0            000060-0000FF               A0
        BANK1            000100-0001FF              100
        BANK2            000200-0002FF              100
        BANK3            000300-0003FF              100
        BANK4            000400-0004FF              100
        BANK5            000500-0005FF              100
        BANK6            000600-0006FF              100
        BANK7            000700-0007FF              100
        BIGRAM           000039-0007FF              7C7
        BIGSFR           000EA0-000FFF              160
        CODE             000006-000007                2
                         0000FE-0007FF              702
                         000C88-007FFF             7378
        COMRAM           000039-00005F               27
        CONST            000006-000007                2
                         0000FE-0007FF              702
                         000C88-007FFF             7378
        EEDATA           310000-3100FF              100
        IDLOC            200000-20000F               10
        MEDIUMCONST      000C88-007FFF             7378
        RAM              000060-0007FF              100
        SFR              000EA0-000FFF               60
        SMALLCONST       000C88-007FFF              100

                                  Symbol Table

EUSART_SetErrorHandler@interruptHandler        cstackCOMRAM 000036
EUSART_SetFramingErrorHandler@interruptHandler cstackCOMRAM 000036
EUSART_SetOverrunErrorHandler@interruptHandler cstackCOMRAM 000036
EUSART_SetRxInterruptHandler@interruptHandler  cstackCOMRAM 000036
EUSART_SetTxInterruptHandler@interruptHandler  cstackCOMRAM 000036
IOCCF2_SetInterruptHandler@InterruptHandler    cstackCOMRAM 000036
IOCCF5_SetInterruptHandler@InterruptHandler    cstackCOMRAM 000036
TMR0_SetInterruptHandler@InterruptHandler      cstackCOMRAM 000036
_ANSELA                                        (abs)        000F11
_ANSELB                                        (abs)        000F19
_ANSELC                                        (abs)        000F21
_Arm_System                                    text18       000BF4
_BAUD1CON                                      (abs)        000F9F
_Disarm_System                                 text16       000BE4
_EUSART_DefaultErrorHandler                    text34       000C6E
_EUSART_DefaultFramingErrorHandler             text33       000C86
_EUSART_DefaultOverrunErrorHandler             text32       000C68
_EUSART_ErrorHandler                           nvCOMRAM     000022
_EUSART_FramingErrorHandler                    nvCOMRAM     000026
_EUSART_Initialize                             text10       00092C
_EUSART_OverrunErrorHandler                    nvCOMRAM     000024
_EUSART_Receive_ISR                            text31       000802
_EUSART_RxDataHandler                          text35       000B32
_EUSART_RxDefaultInterruptHandler              nvCOMRAM     00002A
_EUSART_SetErrorHandler                        text15       000C54
_EUSART_SetFramingErrorHandler                 text14       000C4A
_EUSART_SetOverrunErrorHandler                 text13       000C40
_EUSART_SetRxInterruptHandler                  text12       000C36
_EUSART_SetTxInterruptHandler                  text11       000C2C
_EUSART_Transmit_ISR                           text30       000A10
_EUSART_TxDefaultInterruptHandler              nvCOMRAM     00002C
_INLVLA                                        (abs)        000F0D
_INLVLB                                        (abs)        000F15
_INLVLC                                        (abs)        000F1D
_INLVLE                                        (abs)        000F2A
_INTCONbits                                    (abs)        000FF2
_INTERRUPT_Initialize                          text9        000C74
_INTERRUPT_InterruptManager                    intcode      000008
_IOCCF2_ISR                                    text27       000A80
_IOCCF2_InterruptHandler                       nvCOMRAM     000030
_IOCCF2_SetInterruptHandler                    text7        000C22
_IOCCF5_DefaultInterruptHandler                text26       000C84
_IOCCF5_ISR                                    text25       000A4E
_IOCCF5_InterruptHandler                       nvCOMRAM     00002E
_IOCCF5_SetInterruptHandler                    text6        000C18
_IOCCFbits                                     (abs)        000F1A
_IOCCNbits                                     (abs)        000F1B
_IOCCPbits                                     (abs)        000F1C
_LATA                                          (abs)        000F83
_LATB                                          (abs)        000F84
_LATC                                          (abs)        000F85
_LATCbits                                      (abs)        000F85
_ODCONA                                        (abs)        000F0F
_ODCONB                                        (abs)        000F17
_ODCONC                                        (abs)        000F1F
_OSCCON1                                       (abs)        000ED8
_OSCCON3                                       (abs)        000EDA
_OSCEN                                         (abs)        000EDC
_OSCFRQ                                        (abs)        000EDE
_OSCILLATOR_Initialize                         text8        000BCC
_OSCTUNE                                       (abs)        000EDD
_PIE0bits                                      (abs)        000EC2
_PIE3bits                                      (abs)        000EC5
_PIN_MANAGER_IOC                               text24       000AE0
_PIN_MANAGER_Initialize                        text5        0008AC
_PIR0bits                                      (abs)        000ECA
_PIR3bits                                      (abs)        000ECD
_PMD0                                          (abs)        000EE1
_PMD1                                          (abs)        000EE2
_PMD2                                          (abs)        000EE3
_PMD3                                          (abs)        000EE4
_PMD4                                          (abs)        000EE5
_PMD5                                          (abs)        000EE6
_PMD_Initialize                                text4        000B7C
_RC1REG                                        (abs)        000F99
_RC1STA                                        (abs)        000F9D
_RC1STAbits                                    (abs)        000F9D
_RC6PPS                                        (abs)        000EFD
_RXPPS                                         (abs)        000EB5
_SLRCONA                                       (abs)        000F0E
_SLRCONB                                       (abs)        000F16
_SLRCONC                                       (abs)        000F1E
_SP1BRGH                                       (abs)        000F9C
_SP1BRGL                                       (abs)        000F9B
_SYSTEM_Initialize                             text1        000BB2
_T0CON0                                        (abs)        000FD5
_T0CON0bits                                    (abs)        000FD5
_T0CON1                                        (abs)        000FD6
_TMR0H                                         (abs)        000FD4
_TMR0L                                         (abs)        000FD3
_TMR0_CallBack                                 text21       000AB2
_TMR0_DefaultInterruptHandler                  text22       000C02
_TMR0_ISR                                      text20       000C5E
_TMR0_Initialize                               text2        000B58
_TMR0_InterruptHandler                         nvCOMRAM     000028
_TMR0_SetInterruptHandler                      text3        000C0E
_TMR0_StartTimer                               text29       000C80
_TMR0_StopTimer                                text17       000C78
_TRISA                                         (abs)        000F88
_TRISB                                         (abs)        000F89
_TRISC                                         (abs)        000F8A
_TRISCbits                                     (abs)        000F8A
_TX1REG                                        (abs)        000F9A
_TX1STA                                        (abs)        000F9E
_TX1STAbits                                    (abs)        000F9E
_WPUA                                          (abs)        000F10
_WPUB                                          (abs)        000F18
_WPUC                                          (abs)        000F20
_WPUE                                          (abs)        000F2D
__HRAM                                         (abs)        000000
__H__absolute__                                __absolute__ 000000
__Habs1                                        abs1         000000
__Hbank0                                       bank0        000000
__Hbank1                                       bank1        000000
__Hbank2                                       bank2        000000
__Hbank3                                       bank3        000000
__Hbank4                                       bank4        000000
__Hbank5                                       bank5        000000
__Hbank6                                       bank6        000000
__Hbank7                                       bank7        000000
__Hbigbss                                      bigbss       000000
__Hbigdata                                     bigdata      000000
__Hbigram                                      bigram       000000
__Hbigsfr                                      bigsfr       000000
__Hbss                                         bss          000000
__HbssCOMRAM                                   bssCOMRAM    000000
__Hcinit                                       cinit        000000
__Hclrtext                                     clrtext      000000
__Hcomram                                      comram       000000
__Hconfig                                      config       30000C
__Hconst                                       const        000000
__HcstackCOMRAM                                cstackCOMRAM 000000
__Hdata                                        data         000000
__Heeprom_data                                 eeprom_data  000000
__Hfarbss                                      farbss       000000
__Hfardata                                     fardata      000000
__Hheap                                        heap         000000
__Hibigdata                                    ibigdata     000000
__Hidata                                       idata        000000
__Hidloc                                       idloc        000000
__Hifardata                                    ifardata     000000
__Hinit                                        init         0000FE
__Hintcode                                     intcode      0000FA
__Hintcode_body                                intcode_body 000000
__Hintcodelo                                   intcodelo    0000FA
__Hintentry                                    intentry     000000
__Hintret                                      intret       000000
__Hintsave_regs                                intsave_regs 000000
__Hirdata                                      irdata       000000
__Hmediumconst                                 mediumconst  000000
__HnvCOMRAM                                    nvCOMRAM     000000
__HnvFARRAM                                    nvFARRAM     000000
__Hnvbit                                       nvbit        000000
__Hnvrram                                      nvrram       000000
__Hparam                                       rparam       000000
__Hpowerup                                     powerup      0000FA
__Hram                                         ram          000000
__Hramtop                                      ramtop       000800
__Hrbit                                        rbit         000000
__Hrbss                                        rbss         000000
__Hrdata                                       rdata        000000
__Hreset_vec                                   reset_vec    000006
__Hrparam                                      rparam       000000
__Hsfr                                         sfr          000000
__Hsmallconst                                  smallconst   000802
__Hspace_0                                     (abs)        000C88
__Hspace_1                                     (abs)        000039
__Hspace_2                                     (abs)        000000
__Hspace_4                                     (abs)        60000C
__Hstack                                       stack        000000
__Hstruct                                      struct       000000
__Htemp                                        temp         000039
__Htext                                        text         000000
__Htext0                                       text0        000000
__Htext1                                       text1        000000
__Htext10                                      text10       000000
__Htext11                                      text11       000000
__Htext12                                      text12       000000
__Htext13                                      text13       000000
__Htext14                                      text14       000000
__Htext15                                      text15       000000
__Htext16                                      text16       000000
__Htext17                                      text17       000000
__Htext18                                      text18       000000
__Htext2                                       text2        000000
__Htext20                                      text20       000000
__Htext21                                      text21       000000
__Htext22                                      text22       000000
__Htext23                                      text23       000000
__Htext24                                      text24       000000
__Htext25                                      text25       000000
__Htext26                                      text26       000000
__Htext27                                      text27       000000
__Htext28                                      text28       000000
__Htext29                                      text29       000000
__Htext3                                       text3        000000
__Htext30                                      text30       000000
__Htext31                                      text31       000000
__Htext32                                      text32       000000
__Htext33                                      text33       000000
__Htext34                                      text34       000000
__Htext35                                      text35       000000
__Htext36                                      text36       000000
__Htext4                                       text4        000000
__Htext5                                       text5        000000
__Htext6                                       text6        000000
__Htext7                                       text7        000000
__Htext8                                       text8        000000
__Htext9                                       text9        000000
__LRAM                                         (abs)        000001
__L__absolute__                                __absolute__ 000000
__Labs1                                        abs1         000000
__Lbank0                                       bank0        000000
__Lbank1                                       bank1        000000
__Lbank2                                       bank2        000000
__Lbank3                                       bank3        000000
__Lbank4                                       bank4        000000
__Lbank5                                       bank5        000000
__Lbank6                                       bank6        000000
__Lbank7                                       bank7        000000
__Lbigbss                                      bigbss       000000
__Lbigdata                                     bigdata      000000
__Lbigram                                      bigram       000000
__Lbigsfr                                      bigsfr       000000
__Lbss                                         bss          000000
__LbssCOMRAM                                   bssCOMRAM    000000
__Lcinit                                       cinit        000000
__Lclrtext                                     clrtext      000000
__Lcomram                                      comram       000000
__Lconfig                                      config       000000
__Lconst                                       const        000000
__LcstackCOMRAM                                cstackCOMRAM 000000
__Ldata                                        data         000000
__Leeprom_data                                 eeprom_data  000000
__Lfarbss                                      farbss       000000
__Lfardata                                     fardata      000000
__Lheap                                        heap         000000
__Libigdata                                    ibigdata     000000
__Lidata                                       idata        000000
__Lidloc                                       idloc        000000
__Lifardata                                    ifardata     000000
__Linit                                        init         0000FA
__Lintcode                                     intcode      000008
__Lintcode_body                                intcode_body 000000
__Lintcodelo                                   intcodelo    0000FA
__Lintentry                                    intentry     000000
__Lintret                                      intret       000000
__Lintsave_regs                                intsave_regs 000000
__Lirdata                                      irdata       000000
__Lmediumconst                                 mediumconst  000000
__LnvCOMRAM                                    nvCOMRAM     000000
__LnvFARRAM                                    nvFARRAM     000000
__Lnvbit                                       nvbit        000000
__Lnvrram                                      nvrram       000000
__Lparam                                       rparam       000000
__Lpowerup                                     powerup      0000FA
__Lram                                         ram          000000
__Lramtop                                      ramtop       000800
__Lrbit                                        rbit         000000
__Lrbss                                        rbss         000000
__Lrdata                                       rdata        000000
__Lreset_vec                                   reset_vec    000000
__Lrparam                                      rparam       000000
__Lsfr                                         sfr          000000
__Lsmallconst                                  smallconst   000800
__Lspace_0                                     (abs)        000000
__Lspace_1                                     (abs)        000000
__Lspace_2                                     (abs)        000000
__Lspace_4                                     (abs)        000000
__Lstack                                       stack        000000
__Lstruct                                      struct       000000
__Ltemp                                        temp         000038
__Ltext                                        text         000000
__Ltext0                                       text0        000000
__Ltext1                                       text1        000000
__Ltext10                                      text10       000000
__Ltext11                                      text11       000000
__Ltext12                                      text12       000000
__Ltext13                                      text13       000000
__Ltext14                                      text14       000000
__Ltext15                                      text15       000000
__Ltext16                                      text16       000000
__Ltext17                                      text17       000000
__Ltext18                                      text18       000000
__Ltext2                                       text2        000000
__Ltext20                                      text20       000000
__Ltext21                                      text21       000000
__Ltext22                                      text22       000000
__Ltext23                                      text23       000000
__Ltext24                                      text24       000000
__Ltext25                                      text25       000000
__Ltext26                                      text26       000000
__Ltext27                                      text27       000000
__Ltext28                                      text28       000000
__Ltext29                                      text29       000000
__Ltext3                                       text3        000000
__Ltext30                                      text30       000000
__Ltext31                                      text31       000000
__Ltext32                                      text32       000000
__Ltext33                                      text33       000000
__Ltext34                                      text34       000000
__Ltext35                                      text35       000000
__Ltext36                                      text36       000000
__Ltext4                                       text4        000000
__Ltext5                                       text5        000000
__Ltext6                                       text6        000000
__Ltext7                                       text7        000000
__Ltext8                                       text8        000000
__Ltext9                                       text9        000000
__S0                                           (abs)        000C88
__S1                                           (abs)        000039
__S4                                           (abs)        000000
__S5                                           (abs)        000000
___heap_hi                                     (abs)        000000
___heap_lo                                     (abs)        000000
___inthi_sp                                    stack        000000
___inthi_stack_hi                              stack        000000
___inthi_stack_lo                              stack        000000
___intlo_sp                                    stack        000000
___intlo_stack_hi                              stack        000000
___intlo_stack_lo                              stack        000000
___param_bank                                  (abs)        000000
___rparam_used                                 (abs)        000001
___sp                                          stack        000000
___stack_hi                                    stack        000000
___stack_lo                                    stack        000000
__accesstop                                    (abs)        000060
__activetblptr                                 (abs)        000002
__end_of_Arm_System                            text18       000C02
__end_of_Disarm_System                         text16       000BF4
__end_of_EUSART_DefaultErrorHandler            text34       000C74
__end_of_EUSART_DefaultFramingErrorHandler     text33       000C88
__end_of_EUSART_DefaultOverrunErrorHandler     text32       000C6E
__end_of_EUSART_Initialize                     text10       0009A6
__end_of_EUSART_Receive_ISR                    text31       0008AC
__end_of_EUSART_RxDataHandler                  text35       000B58
__end_of_EUSART_SetErrorHandler                text15       000C5E
__end_of_EUSART_SetFramingErrorHandler         text14       000C54
__end_of_EUSART_SetOverrunErrorHandler         text13       000C4A
__end_of_EUSART_SetRxInterruptHandler          text12       000C40
__end_of_EUSART_SetTxInterruptHandler          text11       000C36
__end_of_EUSART_Transmit_ISR                   text30       000A4E
__end_of_INTERRUPT_Initialize                  text9        000C78
__end_of_INTERRUPT_InterruptManager            intcode      0000FA
__end_of_IOCCF2_ISR                            text27       000AB2
__end_of_IOCCF2_SetInterruptHandler            text7        000C2C
__end_of_IOCCF5_DefaultInterruptHandler        text26       000C86
__end_of_IOCCF5_ISR                            text25       000A80
__end_of_IOCCF5_SetInterruptHandler            text6        000C22
__end_of_OSCILLATOR_Initialize                 text8        000BE4
__end_of_PIN_MANAGER_IOC                       text24       000B0A
__end_of_PIN_MANAGER_Initialize                text5        00092C
__end_of_PMD_Initialize                        text4        000B98
__end_of_SYSTEM_Initialize                     text1        000BCC
__end_of_TMR0_CallBack                         text21       000AE0
__end_of_TMR0_DefaultInterruptHandler          text22       000C0E
__end_of_TMR0_ISR                              text20       000C68
__end_of_TMR0_Initialize                       text2        000B7C
__end_of_TMR0_SetInterruptHandler              text3        000C18
__end_of_TMR0_StartTimer                       text29       000C84
__end_of_TMR0_StopTimer                        text17       000C7C
__end_of__initialization                       cinit        000BA4
__end_of_main                                  text0        000A10
__end_of_movement_Detect_Interrupt             text28       000B32
__end_ofi2_TMR0_StopTimer                      text23       000C80
__initialization                               cinit        000B98
__mediumconst                                  mediumconst  000000
__pbssCOMRAM                                   bssCOMRAM    000001
__pcinit                                       cinit        000B98
__pcstackCOMRAM                                cstackCOMRAM 000032
__pintcode                                     intcode      000008
__pnvCOMRAM                                    nvCOMRAM     000022
__psmallconst                                  smallconst   000800
__ptext0                                       text0        0009A6
__ptext1                                       text1        000BB2
__ptext10                                      text10       00092C
__ptext11                                      text11       000C2C
__ptext12                                      text12       000C36
__ptext13                                      text13       000C40
__ptext14                                      text14       000C4A
__ptext15                                      text15       000C54
__ptext16                                      text16       000BE4
__ptext17                                      text17       000C78
__ptext18                                      text18       000BF4
__ptext2                                       text2        000B58
__ptext20                                      text20       000C5E
__ptext21                                      text21       000AB2
__ptext22                                      text22       000C02
__ptext23                                      text23       000C7C
__ptext24                                      text24       000AE0
__ptext25                                      text25       000A4E
__ptext26                                      text26       000C84
__ptext27                                      text27       000A80
__ptext28                                      text28       000B0A
__ptext29                                      text29       000C80
__ptext3                                       text3        000C0E
__ptext30                                      text30       000A10
__ptext31                                      text31       000802
__ptext32                                      text32       000C68
__ptext33                                      text33       000C86
__ptext34                                      text34       000C6E
__ptext35                                      text35       000B32
__ptext36                                      text36       000000
__ptext4                                       text4        000B7C
__ptext5                                       text5        0008AC
__ptext6                                       text6        000C18
__ptext7                                       text7        000C22
__ptext8                                       text8        000BCC
__ptext9                                       text9        000C74
__ramtop                                       ramtop       000800
__smallconst                                   smallconst   000800
_eusartRxBuffer                                bssCOMRAM    000009
_eusartRxCount                                 bssCOMRAM    00001A
_eusartRxHead                                  bssCOMRAM    00001C
_eusartRxLastError                             bssCOMRAM    000019
_eusartRxStatusBuffer                          bssCOMRAM    000001
_eusartRxTail                                  bssCOMRAM    00001B
_eusartTxBuffer                                bssCOMRAM    000011
_eusartTxBufferRemaining                       bssCOMRAM    00001D
_eusartTxHead                                  bssCOMRAM    00001F
_eusartTxTail                                  bssCOMRAM    00001E
_main                                          text0        0009A6
_mainFlags                                     bssCOMRAM    000020
_movement_Detect_Interrupt                     text28       000B0A
_sensorDebounce                                bssCOMRAM    000021
btemp                                          temp         000038
end_of_initialization                          cinit        000BA4
i2_TMR0_StopTimer                              text23       000C7C
int$flags                                      temp         000038
intlevel0                                      text         000000
intlevel1                                      text         000000
intlevel2                                      text         000000
intlevel3                                      text         000000
isa$std                                        (abs)        000001
isa$xinst                                      (abs)        000000
stackhi                                        (abs)        000000
stacklo                                        (abs)        000000
start                                          init         0000FA
start_initialization                           cinit        000B98
ttemp5                                         temp         000039
ttemp6                                         temp         00003C
ttemp7                                         temp         000040
wtemp8                                         temp         000039


MODULE INFORMATION

Module		Function		Class		Link	Load	Size
system_core.c
		_Arm_System    		CODE           	0BF4	0000	14
		_Disarm_System 		CODE           	0BE4	0000	16

system_core.c estimated size: 30

mcc_generated_files/interrupt_manager.c
		_INTERRUPT_Initialize		CODE           	0C74	0000	4
		_INTERRUPT_InterruptManager		CODE           	0008	0000	242

mcc_generated_files/interrupt_manager.c estimated size: 246

mcc_generated_files/tmr0.c
		_TMR0_SetInterruptHandler		CODE           	0C0E	0000	10
		_TMR0_StopTimer		CODE           	0C78	0000	4
		_TMR0_DefaultInterruptHandler		CODE           	0C02	0000	12
		_TMR0_CallBack 		CODE           	0AB2	0000	46
		_TMR0_StartTimer		CODE           	0C80	0000	4
		_TMR0_ISR      		CODE           	0C5E	0000	10
		_TMR0_Initialize		CODE           	0B58	0000	36

mcc_generated_files/tmr0.c estimated size: 122

mcc_generated_files/pin_manager.c
		_PIN_MANAGER_Initialize		CODE           	08AC	0000	128
		_IOCCF2_SetInterruptHandler		CODE           	0C22	0000	10
		_IOCCF5_SetInterruptHandler		CODE           	0C18	0000	10
		_PIN_MANAGER_IOC		CODE           	0AE0	0000	42
		_IOCCF5_DefaultInterruptHandler		CODE           	0C84	0000	2
		_movement_Detect_Interrupt		CODE           	0B0A	0000	40
		_IOCCF2_ISR    		CODE           	0A80	0000	50
		_IOCCF5_ISR    		CODE           	0A4E	0000	50

mcc_generated_files/pin_manager.c estimated size: 332

shared
		i2_TMR0_StopTimer		CODE           	0C7C	0000	4
		__initialization		CODE           	0B98	0000	12

shared estimated size: 16

mcc_generated_files/mcc.c
		_PMD_Initialize		CODE           	0B7C	0000	28
		_OSCILLATOR_Initialize		CODE           	0BCC	0000	24
		_SYSTEM_Initialize		CODE           	0BB2	0000	26

mcc_generated_files/mcc.c estimated size: 78

mcc_generated_files/eusart.c
		_EUSART_SetRxInterruptHandler		CODE           	0C36	0000	10
		_EUSART_SetTxInterruptHandler		CODE           	0C2C	0000	10
		_EUSART_DefaultOverrunErrorHandler		CODE           	0C68	0000	6
		_EUSART_DefaultErrorHandler		CODE           	0C6E	0000	6
		_EUSART_Transmit_ISR		CODE           	0A10	0000	62
		_EUSART_Initialize		CODE           	092C	0000	122
		_EUSART_SetFramingErrorHandler		CODE           	0C4A	0000	10
		_EUSART_SetErrorHandler		CODE           	0C54	0000	10
		_EUSART_SetOverrunErrorHandler		CODE           	0C40	0000	10
		_EUSART_Receive_ISR		CODE           	0802	0000	170
		_EUSART_RxDataHandler		CODE           	0B32	0000	38
		_EUSART_DefaultFramingErrorHandler		CODE           	0C86	0000	2

mcc_generated_files/eusart.c estimated size: 456

main.c
		_main          		CODE           	09A6	0000	106

main.c estimated size: 106

